{
  "template":    "mvn",
  "name":        "project1",
  "description": "A sample maven project",
  "mvn":         {
    "project": {
      "dependencies": {
        "dependency": {
          "groupId":    "dev.laoban",
          "artifactId": "someArtifact",
          "version":    "someVersion"
        }
      }
    }
  },
  "links":       [],
  "guards":      {
    "mvn":     true,
    "publish": true
  }
}