{
  "devDependencies": {
    "typescript": "^5.0.1"
  }
}