{
  "template": "typescript",
  "name": "lib2",
  "description": "A test lib2",
  "details": {
    "compile": true,
    "publish": false,
    "test": true,
    "links": [],
    "extraDeps": {},
    "extraDevDeps": {},
    "extraBins": {},
    "keywords": []
  }
}