{
  "packageManager": "yarn",
  "parents":        [
    "@laoban@/laoban.json/core.laoban.json",
    "@laoban@/laoban.json/javascript.laoban.json",
    "@laoban@/laoban.json/typescript.laoban.json",
    "@laoban@/laoban.json/typescript.publish.laoban.json",
    "../../../../common/laoban.json/mvn.laoban.json"
  ],
  "properties":     {
    "license":    "MIT",
    "repository": "git@github.com:phil-rice/laoban.git"
  },
  "templates":      {
    "mvn": "@laoban@/templates/springboot_302"
  },
  "scripts":        {
    "mvn-test":   {
      "description":  "runs all the mvn tests",
      "inLinksOrder": true,
      "commands":     [
        {
          "guard":   "${packageDetails.guards.mvn}",
          "command": "mvn test",
          "name":    "test",
          "status":  true
        }
      ]
    },
    "mvn-verify": {
      "description":  "runs all the mvn integration tests",
      "inLinksOrder": true,
      "commands":     [
        {
          "guard":   "${packageDetails.guards.mvn}",
          "command": "mvn verify",
          "name":    "verify",
          "status":  true
        }
      ]
    }
  }
}