{
  "files": [
    {
      "file": ".npmrc",
      "target": ".npmrc"
    },
    {
      "file": "babel.config.json",
      "target": "babel.config.json"
    },
    {
      "file": "LICENSE.md",
      "target": "LICENSE.md"
    },
    {
      "target": "package.json",
      "file": "package.json",
      "type": "${}",
      "postProcess": "json"
    },
    {
      "file": "tsconfig.json",
      "target": "tsconfig.json"
    }
  ]
}