{
  "template": "javascript",
  "name": "lib1",
  "description": "A test javascript lib1",
  "details": {
    "publish": false,
    "test": true,
    "links": [],
    "extraDeps": {},
    "extraDevDeps": {
      "@testing-library/jest-dom": "^5.11.5",
      "@testing-library/user-event": "^12.2.0",
      "jest": "^26.6.0",
      "ts-jest": "^26.4.4"
    },
    "extraBins": {},
    "keywords": []
  }
}