{
  "devDependencies": {
    "typescript": "^newtypescriptversion",
    "original": "voriginal",
    "jest": "^26.6.0"
  }
}